Command line invocation:
    /Applications/Xcode.app/Contents/Developer/usr/bin/xcodebuild -project RNTurboImagePicker.xcodeproj -scheme RNTurboImagePicker -destination id=CF8A3E89-C450-4CAD-BA73-8E5D3C404EC6 build

Resolve Package Graph


Resolved source packages:
  SDWebImage: https://github.com/SDWebImage/SDWebImage.git @ 5.21.7
  SDWebImageWebPCoder: https://github.com/SDWebImage/SDWebImageWebPCoder.git @ 0.15.0
  libwebp: https://github.com/SDWebImage/libwebp-Xcode.git @ 1.5.0

ComputePackagePrebuildTargetDependencyGraph

Prepare packages

CreateBuildRequest

SendProjectDescription

CreateBuildOperation

ComputeTargetDependencyGraph
note: Building targets in dependency order
note: Target dependency graph (8 targets)
    Target 'RNTurboImagePicker' in project 'RNTurboImagePicker'
        ➜ Explicit dependency on target 'SDWebImageWebPCoder' in project 'SDWebImageWebPCoder'
    Target 'SDWebImageWebPCoder' in project 'SDWebImageWebPCoder'
        ➜ Explicit dependency on target 'SDWebImageWebPCoder' in project 'SDWebImageWebPCoder'
        ➜ Explicit dependency on target 'SDWebImage' in project 'SDWebImage'
        ➜ Explicit dependency on target 'libwebp' in project 'libwebp'
    Target 'SDWebImageWebPCoder' in project 'SDWebImageWebPCoder'
        ➜ Explicit dependency on target 'SDWebImage' in project 'SDWebImage'
        ➜ Explicit dependency on target 'libwebp' in project 'libwebp'
    Target 'libwebp' in project 'libwebp'
        ➜ Explicit dependency on target 'libwebp' in project 'libwebp'
    Target 'libwebp' in project 'libwebp' (no dependencies)
    Target 'SDWebImage' in project 'SDWebImage'
        ➜ Explicit dependency on target 'SDWebImage' in project 'SDWebImage'
        ➜ Explicit dependency on target 'SDWebImage_SDWebImage' in project 'SDWebImage'
    Target 'SDWebImage' in project 'SDWebImage'
        ➜ Explicit dependency on target 'SDWebImage_SDWebImage' in project 'SDWebImage'
    Target 'SDWebImage_SDWebImage' in project 'SDWebImage' (no dependencies)

GatherProvisioningInputs

CreateBuildDescription

ExecuteExternalTool /Applications/Xcode.app/Contents/Developer/Toolchains/XcodeDefault.xctoolchain/usr/bin/clang -v -E -dM -arch arm64 -isysroot /Applications/Xcode.app/Contents/Developer/Platforms/iPhoneSimulator.platform/Developer/SDKs/iPhoneSimulator26.5.sdk -x objective-c -c /dev/null

ExecuteExternalTool /Applications/Xcode.app/Contents/Developer/usr/bin/ibtool --version --output-format xml1

ExecuteExternalTool /Applications/Xcode.app/Contents/Developer/Toolchains/XcodeDefault.xctoolchain/usr/bin/clang -v -E -dM -isysroot /Applications/Xcode.app/Contents/Developer/Platforms/iPhoneSimulator.platform/Developer/SDKs/iPhoneSimulator26.5.sdk -x c -c /dev/null

ExecuteExternalTool /Applications/Xcode.app/Contents/Developer/usr/bin/actool --print-asset-tag-combinations --output-format xml1 /Users/mike/source/PaidModules/RNTurboImagePicker/RNTurboImagePicker/ios/RNTurboImagePicker/Assets.xcassets

ExecuteExternalTool /Applications/Xcode.app/Contents/Developer/Toolchains/XcodeDefault.xctoolchain/usr/bin/clang -v -E -dM -arch arm64 -isysroot /Applications/Xcode.app/Contents/Developer/Platforms/iPhoneSimulator.platform/Developer/SDKs/iPhoneSimulator26.5.sdk -x c -c /dev/null

ExecuteExternalTool /Applications/Xcode.app/Contents/Developer/usr/bin/actool --version --output-format xml1

ExecuteExternalTool /Applications/Xcode.app/Contents/Developer/Toolchains/XcodeDefault.xctoolchain/usr/bin/swiftc --version

ExecuteExternalTool /Applications/Xcode.app/Contents/Developer/Toolchains/XcodeDefault.xctoolchain/usr/bin/ld -version_details

Build description signature: 4ca8d043a6dc0eacd5954ac6854a9c41
Build description path: /Users/mike/Library/Developer/Xcode/DerivedData/RNTurboImagePicker-eictpgaunlbekidejirpetanfueo/Build/Intermediates.noindex/XCBuildData/4ca8d043a6dc0eacd5954ac6854a9c41.xcbuilddata
ClangStatCache /Applications/Xcode.app/Contents/Developer/Toolchains/XcodeDefault.xctoolchain/usr/bin/clang-stat-cache /Applications/Xcode.app/Contents/Developer/Platforms/iPhoneSimulator.platform/Developer/SDKs/iPhoneSimulator26.5.sdk /Users/mike/Library/Developer/Xcode/DerivedData/SDKStatCaches.noindex/iphonesimulator26.5-23F81a-6cfe768891a92b912361537c460fe42b.sdkstatcache
    cd /Users/mike/source/PaidModules/RNTurboImagePicker/RNTurboImagePicker/ios/RNTurboImagePicker.xcodeproj
    /Applications/Xcode.app/Contents/Developer/Toolchains/XcodeDefault.xctoolchain/usr/bin/clang-stat-cache /Applications/Xcode.app/Contents/Developer/Platforms/iPhoneSimulator.platform/Developer/SDKs/iPhoneSimulator26.5.sdk -o /Users/mike/Library/Developer/Xcode/DerivedData/SDKStatCaches.noindex/iphonesimulator26.5-23F81a-6cfe768891a92b912361537c460fe42b.sdkstatcache

ProcessInfoPlistFile /Users/mike/Library/Developer/Xcode/DerivedData/RNTurboImagePicker-eictpgaunlbekidejirpetanfueo/Build/Products/Release-iphonesimulator/SDWebImage_SDWebImage.bundle/Info.plist /Users/mike/Library/Developer/Xcode/DerivedData/RNTurboImagePicker-eictpgaunlbekidejirpetanfueo/Build/Intermediates.noindex/SDWebImage.build/Release-iphonesimulator/SDWebImage_SDWebImage.build/empty-SDWebImage_SDWebImage.plist (in target 'SDWebImage_SDWebImage' from project 'SDWebImage')
    cd /Users/mike/Library/Developer/Xcode/DerivedData/RNTurboImagePicker-eictpgaunlbekidejirpetanfueo/SourcePackages/checkouts/SDWebImage
    builtin-infoPlistUtility /Users/mike/Library/Developer/Xcode/DerivedData/RNTurboImagePicker-eictpgaunlbekidejirpetanfueo/Build/Intermediates.noindex/SDWebImage.build/Release-iphonesimulator/SDWebImage_SDWebImage.build/empty-SDWebImage_SDWebImage.plist -producttype com.apple.product-type.bundle -expandbuildsettings -format binary -platform iphonesimulator -o /Users/mike/Library/Developer/Xcode/DerivedData/RNTurboImagePicker-eictpgaunlbekidejirpetanfueo/Build/Products/Release-iphonesimulator/SDWebImage_SDWebImage.bundle/Info.plist

ProcessInfoPlistFile /Users/mike/Library/Developer/Xcode/DerivedData/RNTurboImagePicker-eictpgaunlbekidejirpetanfueo/Build/Products/Release-iphonesimulator/RNTurboImagePicker.app/Info.plist /Users/mike/source/PaidModules/RNTurboImagePicker/RNTurboImagePicker/ios/RNTurboImagePicker/Info.plist (in target 'RNTurboImagePicker' from project 'RNTurboImagePicker')
    cd /Users/mike/source/PaidModules/RNTurboImagePicker/RNTurboImagePicker/ios
    builtin-infoPlistUtility /Users/mike/source/PaidModules/RNTurboImagePicker/RNTurboImagePicker/ios/RNTurboImagePicker/Info.plist -producttype com.apple.product-type.application -genpkginfo /Users/mike/Library/Developer/Xcode/DerivedData/RNTurboImagePicker-eictpgaunlbekidejirpetanfueo/Build/Products/Release-iphonesimulator/RNTurboImagePicker.app/PkgInfo -expandbuildsettings -format binary -platform iphonesimulator -additionalcontentfile /Users/mike/Library/Developer/Xcode/DerivedData/RNTurboImagePicker-eictpgaunlbekidejirpetanfueo/Build/Intermediates.noindex/RNTurboImagePicker.build/Release-iphonesimulator/RNTurboImagePicker.build/Base.lproj/LaunchScreen-SBPartialInfo.plist -additionalcontentfile /Users/mike/Library/Developer/Xcode/DerivedData/RNTurboImagePicker-eictpgaunlbekidejirpetanfueo/Build/Intermediates.noindex/RNTurboImagePicker.build/Release-iphonesimulator/RNTurboImagePicker.build/assetcatalog_generated_info.plist -scanforprivacyfile /Users/mike/Library/Developer/Xcode/DerivedData/RNTurboImagePicker-eictpgaunlbekidejirpetanfueo/Build/Products/Release-iphonesimulator/RNTurboImagePicker.app/SDWebImage_SDWebImage.bundle -o /Users/mike/Library/Developer/Xcode/DerivedData/RNTurboImagePicker-eictpgaunlbekidejirpetanfueo/Build/Products/Release-iphonesimulator/RNTurboImagePicker.app/Info.plist

CopySwiftLibs /Users/mike/Library/Developer/Xcode/DerivedData/RNTurboImagePicker-eictpgaunlbekidejirpetanfueo/Build/Products/Release-iphonesimulator/RNTurboImagePicker.app (in target 'RNTurboImagePicker' from project 'RNTurboImagePicker')
    cd /Users/mike/source/PaidModules/RNTurboImagePicker/RNTurboImagePicker/ios
    builtin-swiftStdLibTool --copy --verbose --sign - --scan-executable /Users/mike/Library/Developer/Xcode/DerivedData/RNTurboImagePicker-eictpgaunlbekidejirpetanfueo/Build/Products/Release-iphonesimulator/RNTurboImagePicker.app/RNTurboImagePicker --scan-folder /Users/mike/Library/Developer/Xcode/DerivedData/RNTurboImagePicker-eictpgaunlbekidejirpetanfueo/Build/Products/Release-iphonesimulator/RNTurboImagePicker.app/Frameworks --scan-folder /Users/mike/Library/Developer/Xcode/DerivedData/RNTurboImagePicker-eictpgaunlbekidejirpetanfueo/Build/Products/Release-iphonesimulator/RNTurboImagePicker.app/PlugIns --scan-folder /Users/mike/Library/Developer/Xcode/DerivedData/RNTurboImagePicker-eictpgaunlbekidejirpetanfueo/Build/Products/Release-iphonesimulator/RNTurboImagePicker.app/SystemExtensions --scan-folder /Users/mike/Library/Developer/Xcode/DerivedData/RNTurboImagePicker-eictpgaunlbekidejirpetanfueo/Build/Products/Release-iphonesimulator/RNTurboImagePicker.app/Extensions --platform iphonesimulator --toolchain /Applications/Xcode.app/Contents/Developer/Toolchains/XcodeDefault.xctoolchain --destination /Users/mike/Library/Developer/Xcode/DerivedData/RNTurboImagePicker-eictpgaunlbekidejirpetanfueo/Build/Products/Release-iphonesimulator/RNTurboImagePicker.app/Frameworks --strip-bitcode --strip-bitcode-tool /Applications/Xcode.app/Contents/Developer/Toolchains/XcodeDefault.xctoolchain/usr/bin/bitcode_strip --emit-dependency-info /Users/mike/Library/Developer/Xcode/DerivedData/RNTurboImagePicker-eictpgaunlbekidejirpetanfueo/Build/Intermediates.noindex/RNTurboImagePicker.build/Release-iphonesimulator/RNTurboImagePicker.build/SwiftStdLibToolInputDependencies.dep --filter-for-swift-os

** BUILD SUCCEEDED **

